{
  "version": "1.4.0",
  "plugins_used": [
    {
      "name": "ArtifactoryDetector"
    },
    {
      "name": "AWSKeyDetector"
    },
    {
      "name": "AzureStorageKeyDetector"
    },
    {
      "name": "Base64HighEntropyString",
      "limit": 4.5
    },
    {
      "name": "BasicAuthDetector"
    },
    {
      "name": "CloudantDetector"
    },
    {
      "name": "DiscordBotTokenDetector"
    },
    {
      "name": "GitHubTokenDetector"
    },
    {
      "name": "HexHighEntropyString",
      "limit": 3.0
    },
    {
      "name": "IbmCloudIamDetector"
    },
    {
      "name": "IbmCosHmacDetector"
    },
    {
      "name": "JwtTokenDetector"
    },
    {
      "name": "KeywordDetector",
      "keyword_exclude": ""
    },
    {
      "name": "MailchimpDetector"
    },
    {
      "name": "NpmDetector"
    },
    {
      "name": "PrivateKeyDetector"
    },
    {
      "name": "SendGridDetector"
    },
    {
      "name": "SlackDetector"
    },
    {
      "name": "SoftlayerDetector"
    },
    {
      "name": "SquareOAuthDetector"
    },
    {
      "name": "StripeDetector"
    },
    {
      "name": "TwilioKeyDetector"
    }
  ],
  "filters_used": [
    {
      "path": "detect_secrets.filters.allowlist.is_line_allowlisted"
    },
    {
      "path": "detect_secrets.filters.common.is_baseline_file",
      "filename": ".secrets.baseline"
    },
    {
      "path": "detect_secrets.filters.common.is_ignored_due_to_verification_policies",
      "min_level": 2
    },
    {
      "path": "detect_secrets.filters.heuristic.is_indirect_reference"
    },
    {
      "path": "detect_secrets.filters.heuristic.is_likely_id_string"
    },
    {
      "path": "detect_secrets.filters.heuristic.is_lock_file"
    },
    {
      "path": "detect_secrets.filters.heuristic.is_not_alphanumeric_string"
    },
    {
      "path": "detect_secrets.filters.heuristic.is_potential_uuid"
    },
    {
      "path": "detect_secrets.filters.heuristic.is_prefixed_with_dollar_sign"
    },
    {
      "path": "detect_secrets.filters.heuristic.is_sequential_string"
    },
    {
      "path": "detect_secrets.filters.heuristic.is_swagger_file"
    },
    {
      "path": "detect_secrets.filters.heuristic.is_templated_secret"
    },
    {
      "path": "detect_secrets.filters.regex.should_exclude_line",
      "pattern": [
        "^\\s*\"((revision|git_blob_oid)\": \"[0-9a-f]{40}|sha256\": \"[0-9a-f]{64})\",?$",
        "^\\s*rev: \"?[0-9a-f]{40}\"?  # frozen: v\\S+$"
      ]
    }
  ],
  "results": {
    ".claude/skills/project-knowledge/scripts/knowledge_store.py": [
      {
        "type": "Base64 High Entropy String",
        "filename": ".claude/skills/project-knowledge/scripts/knowledge_store.py",
        "hashed_secret": "8eb6a2543a00fa38b9a717242e592d4afa7f80cf",
        "is_verified": false,
        "line_number": 379,
        "is_secret": false
      }
    ],
    ".claude/skills/workspace-status/scripts/workspace_status_engine.py": [
      {
        "type": "Hex High Entropy String",
        "filename": ".claude/skills/workspace-status/scripts/workspace_status_engine.py",
        "hashed_secret": "a37851aef0092d85aaff62c6d2c9104e3f720a5d",
        "is_verified": false,
        "line_number": 1487,
        "is_secret": false
      },
      {
        "type": "Hex High Entropy String",
        "filename": ".claude/skills/workspace-status/scripts/workspace_status_engine.py",
        "hashed_secret": "faaa879105b6aed500aa7113fcd12266add59b00",
        "is_verified": false,
        "line_number": 1490,
        "is_secret": false
      },
      {
        "type": "Hex High Entropy String",
        "filename": ".claude/skills/workspace-status/scripts/workspace_status_engine.py",
        "hashed_secret": "823a99985e15afbf73d83197c8be23c45dbc01d7",
        "is_verified": false,
        "line_number": 1493,
        "is_secret": false
      }
    ],
    "agentic_inquiry/connectors/types.py": [
      {
        "type": "Hex High Entropy String",
        "filename": "agentic_inquiry/connectors/types.py",
        "hashed_secret": "d9f32bc5685e077455c61d70eb9d5008b4dc9fb4",
        "is_verified": false,
        "line_number": 190,
        "is_secret": false
      }
    ],
    "agentic_inquiry/mcp/utils/validation.py": [
      {
        "type": "Base64 High Entropy String",
        "filename": "agentic_inquiry/mcp/utils/validation.py",
        "hashed_secret": "1d88dcdeae967e05e6e9a4463fbaa3bbff343d6e",
        "is_verified": false,
        "line_number": 539,
        "is_secret": false
      }
    ],
    "agentic_inquiry/storage/config.py": [
      {
        "type": "Basic Auth Credentials",
        "filename": "agentic_inquiry/storage/config.py",
        "hashed_secret": "9d4e1e23bd5b727046a9e3b4b7db57bd8d6ee684",
        "is_verified": false,
        "line_number": 93,
        "is_secret": false
      },
      {
        "type": "Secret Keyword",
        "filename": "agentic_inquiry/storage/config.py",
        "hashed_secret": "e5e9fa1ba31ecd1ae84f75caaa474f3a663f05f4",
        "is_verified": false,
        "line_number": 119,
        "is_secret": false
      },
      {
        "type": "Basic Auth Credentials",
        "filename": "agentic_inquiry/storage/config.py",
        "hashed_secret": "e5e9fa1ba31ecd1ae84f75caaa474f3a663f05f4",
        "is_verified": false,
        "line_number": 465,
        "is_secret": false
      }
    ],
    "agentic_inquiry/storage/schemas/postgresql.schema.json": [
      {
        "type": "Basic Auth Credentials",
        "filename": "agentic_inquiry/storage/schemas/postgresql.schema.json",
        "hashed_secret": "9d4e1e23bd5b727046a9e3b4b7db57bd8d6ee684",
        "is_verified": false,
        "line_number": 13,
        "is_secret": false
      }
    ],
    "docs/development/connector-guide.md": [
      {
        "type": "AWS Access Key",
        "filename": "docs/development/connector-guide.md",
        "hashed_secret": "25910f981e85ca04baf359199dd0bd4a3ae738b6",
        "is_verified": false,
        "line_number": 264,
        "is_secret": false
      },
      {
        "type": "Base64 High Entropy String",
        "filename": "docs/development/connector-guide.md",
        "hashed_secret": "d70eab08607a4d05faa2d0d6647206599e9abc65",
        "is_verified": false,
        "line_number": 265,
        "is_secret": false
      },
      {
        "type": "Secret Keyword",
        "filename": "docs/development/connector-guide.md",
        "hashed_secret": "d70eab08607a4d05faa2d0d6647206599e9abc65",
        "is_verified": false,
        "line_number": 265,
        "is_secret": false
      }
    ],
    "docs/development/security.md": [
      {
        "type": "Secret Keyword",
        "filename": "docs/development/security.md",
        "hashed_secret": "159920628cb789601a3ef7859918baa2e9ea7d15",
        "is_verified": false,
        "line_number": 322,
        "is_secret": false
      }
    ],
    "docs/mcp/deployment.md": [
      {
        "type": "Secret Keyword",
        "filename": "docs/mcp/deployment.md",
        "hashed_secret": "29b8dca3de5ff27bcf8bd3b622adf9970f29381c",
        "is_verified": false,
        "line_number": 650,
        "is_secret": false
      }
    ],
    "docs/mcp/security.md": [
      {
        "type": "Secret Keyword",
        "filename": "docs/mcp/security.md",
        "hashed_secret": "89ec8f89db08febc89655f738206e9c6cafcdc2a",
        "is_verified": false,
        "line_number": 112,
        "is_secret": false
      },
      {
        "type": "Secret Keyword",
        "filename": "docs/mcp/security.md",
        "hashed_secret": "36cf5b793562c59871c39cc5b6b6159549fab6e7",
        "is_verified": false,
        "line_number": 476,
        "is_secret": false
      }
    ],
    "docs/specs/afp-lifecycle-contract/notes/afp-pack-journey.md": [
      {
        "type": "Hex High Entropy String",
        "filename": "docs/specs/afp-lifecycle-contract/notes/afp-pack-journey.md",
        "hashed_secret": "5928627b2297513e22baec1995ae686886dc36e5",
        "is_verified": false,
        "line_number": 117,
        "is_secret": false
      }
    ],
    "evals/data.py": [
      {
        "type": "Hex High Entropy String",
        "filename": "evals/data.py",
        "hashed_secret": "7a324c17cab31fa6d9ea437ba9161902c2c4bc0f",
        "is_verified": false,
        "line_number": 43,
        "is_secret": false
      },
      {
        "type": "Hex High Entropy String",
        "filename": "evals/data.py",
        "hashed_secret": "75156cdbfb1ab130c8443b58ac09b530fd87cf4e",
        "is_verified": false,
        "line_number": 47,
        "is_secret": false
      },
      {
        "type": "Hex High Entropy String",
        "filename": "evals/data.py",
        "hashed_secret": "b38e3418310d890de84b6593e4f69d1a0c4b5b7d",
        "is_verified": false,
        "line_number": 51,
        "is_secret": false
      },
      {
        "type": "Hex High Entropy String",
        "filename": "evals/data.py",
        "hashed_secret": "6d32c9e107af8ba62e1b3cfa0adf4503d37fafb5",
        "is_verified": false,
        "line_number": 55,
        "is_secret": false
      },
      {
        "type": "Hex High Entropy String",
        "filename": "evals/data.py",
        "hashed_secret": "4c810e68fb8b8fd5466af75d02262da805ca9f85",
        "is_verified": false,
        "line_number": 78,
        "is_secret": false
      }
    ],
    "evals/results/scifact/all-20260926T064247Z-e8b80e5a.json": [
      {
        "type": "Hex High Entropy String",
        "filename": "evals/results/scifact/all-20260926T064247Z-e8b80e5a.json",
        "hashed_secret": "6d32c9e107af8ba62e1b3cfa0adf4503d37fafb5",
        "is_verified": false,
        "line_number": 15,
        "is_secret": false
      },
      {
        "type": "Hex High Entropy String",
        "filename": "evals/results/scifact/all-20260926T064247Z-e8b80e5a.json",
        "hashed_secret": "fa2f578d25320f9a796228e593f611b5db260340",
        "is_verified": false,
        "line_number": 21,
        "is_secret": false
      },
      {
        "type": "Hex High Entropy String",
        "filename": "evals/results/scifact/all-20260926T064247Z-e8b80e5a.json",
        "hashed_secret": "e33ee2c91e26e97becca7fcc2ed14a10a9fc2259",
        "is_verified": false,
        "line_number": 23,
        "is_secret": false
      }
    ],
    "evals/results/scifact/dev-20260926T064347Z-e8b80e5a.json": [
      {
        "type": "Hex High Entropy String",
        "filename": "evals/results/scifact/dev-20260926T064347Z-e8b80e5a.json",
        "hashed_secret": "a63c62dcb5296cf59a9fde7026c97ade39b2a130",
        "is_verified": false,
        "line_number": 117,
        "is_secret": false
      },
      {
        "type": "Hex High Entropy String",
        "filename": "evals/results/scifact/dev-20260926T064347Z-e8b80e5a.json",
        "hashed_secret": "6d32c9e107af8ba62e1b3cfa0adf4503d37fafb5",
        "is_verified": false,
        "line_number": 123,
        "is_secret": false
      },
      {
        "type": "Hex High Entropy String",
        "filename": "evals/results/scifact/dev-20260926T064347Z-e8b80e5a.json",
        "hashed_secret": "fa2f578d25320f9a796228e593f611b5db260340",
        "is_verified": false,
        "line_number": 129,
        "is_secret": false
      },
      {
        "type": "Hex High Entropy String",
        "filename": "evals/results/scifact/dev-20260926T064347Z-e8b80e5a.json",
        "hashed_secret": "e33ee2c91e26e97becca7fcc2ed14a10a9fc2259",
        "is_verified": false,
        "line_number": 131,
        "is_secret": false
      }
    ],
    "evals/results/scifact/dev-20260926T071022Z-db89647b.json": [
      {
        "type": "Hex High Entropy String",
        "filename": "evals/results/scifact/dev-20260926T071022Z-db89647b.json",
        "hashed_secret": "7def94a6b76ec3e730f6d463a7890dabbd42c469",
        "is_verified": false,
        "line_number": 34,
        "is_secret": false
      },
      {
        "type": "Hex High Entropy String",
        "filename": "evals/results/scifact/dev-20260926T071022Z-db89647b.json",
        "hashed_secret": "6d32c9e107af8ba62e1b3cfa0adf4503d37fafb5",
        "is_verified": false,
        "line_number": 43,
        "is_secret": false
      },
      {
        "type": "Hex High Entropy String",
        "filename": "evals/results/scifact/dev-20260926T071022Z-db89647b.json",
        "hashed_secret": "e8aeccffbd9c51a9960bd9be3ff36f8637882af2",
        "is_verified": false,
        "line_number": 49,
        "is_secret": false
      },
      {
        "type": "Hex High Entropy String",
        "filename": "evals/results/scifact/dev-20260926T071022Z-db89647b.json",
        "hashed_secret": "9149a5586ae6a85f3f2e4d372c196be7278cffa5",
        "is_verified": false,
        "line_number": 51,
        "is_secret": false
      }
    ],
    "evals/results/scifact/dev-20260926T102403Z-6c1bda85.json": [
      {
        "type": "Hex High Entropy String",
        "filename": "evals/results/scifact/dev-20260926T102403Z-6c1bda85.json",
        "hashed_secret": "6d32c9e107af8ba62e1b3cfa0adf4503d37fafb5",
        "is_verified": false,
        "line_number": 14,
        "is_secret": false
      },
      {
        "type": "Hex High Entropy String",
        "filename": "evals/results/scifact/dev-20260926T102403Z-6c1bda85.json",
        "hashed_secret": "9568d28ff73cb295f5dca0391e0d278c86b0f2c4",
        "is_verified": false,
        "line_number": 20,
        "is_secret": false
      },
      {
        "type": "Hex High Entropy String",
        "filename": "evals/results/scifact/dev-20260926T102403Z-6c1bda85.json",
        "hashed_secret": "4315b6889fd8cd784f9cc1852f2a40b131187636",
        "is_verified": false,
        "line_number": 22,
        "is_secret": false
      }
    ],
    "extensions/gemini/ai/commands/ai/setup.toml": [
      {
        "type": "Secret Keyword",
        "filename": "extensions/gemini/ai/commands/ai/setup.toml",
        "hashed_secret": "3fce1fc17ccbfda105d9d52cdb83ad06286cb7d4",
        "is_verified": false,
        "line_number": 34,
        "is_secret": false
      }
    ],
    "tests/connectors/test_connector_types.py": [
      {
        "type": "Hex High Entropy String",
        "filename": "tests/connectors/test_connector_types.py",
        "hashed_secret": "d9f32bc5685e077455c61d70eb9d5008b4dc9fb4",
        "is_verified": false,
        "line_number": 182,
        "is_secret": false
      },
      {
        "type": "Hex High Entropy String",
        "filename": "tests/connectors/test_connector_types.py",
        "hashed_secret": "21344e5236e2497430af91cec38329964041a2f3",
        "is_verified": false,
        "line_number": 189,
        "is_secret": false
      },
      {
        "type": "Hex High Entropy String",
        "filename": "tests/connectors/test_connector_types.py",
        "hashed_secret": "244f421f896bdcdd2784dccf4eaf7c8dfd5189b5",
        "is_verified": false,
        "line_number": 196,
        "is_secret": false
      }
    ],
    "tests/connectors/test_content_cache.py": [
      {
        "type": "Hex High Entropy String",
        "filename": "tests/connectors/test_content_cache.py",
        "hashed_secret": "90bd1b48e958257948487b90bee080ba5ed00caa",
        "is_verified": false,
        "line_number": 136,
        "is_secret": false
      }
    ],
    "tests/connectors/test_file_tracker_protocol.py": [
      {
        "type": "Hex High Entropy String",
        "filename": "tests/connectors/test_file_tracker_protocol.py",
        "hashed_secret": "90bd1b48e958257948487b90bee080ba5ed00caa",
        "is_verified": false,
        "line_number": 73,
        "is_secret": false
      }
    ],
    "tests/connectors/test_hash_cache.py": [
      {
        "type": "Hex High Entropy String",
        "filename": "tests/connectors/test_hash_cache.py",
        "hashed_secret": "90bd1b48e958257948487b90bee080ba5ed00caa",
        "is_verified": false,
        "line_number": 99,
        "is_secret": false
      }
    ],
    "tests/database/test_relational_protocols.py": [
      {
        "type": "Hex High Entropy String",
        "filename": "tests/database/test_relational_protocols.py",
        "hashed_secret": "90bd1b48e958257948487b90bee080ba5ed00caa",
        "is_verified": false,
        "line_number": 334,
        "is_secret": false
      }
    ],
    "tests/golden/baseline.json": [
      {
        "type": "Hex High Entropy String",
        "filename": "tests/golden/baseline.json",
        "hashed_secret": "298e98550d59152539a281d9878e3611a09698ff",
        "is_verified": false,
        "line_number": 33,
        "is_secret": false
      }
    ],
    "tests/mcp/test_session_manager.py": [
      {
        "type": "Secret Keyword",
        "filename": "tests/mcp/test_session_manager.py",
        "hashed_secret": "a17c9aaa61e80a1bf71d0d850af4e5baa9800bbd",
        "is_verified": false,
        "line_number": 1126,
        "is_secret": false
      }
    ],
    "tests/server/middleware/test_auth.py": [
      {
        "type": "Secret Keyword",
        "filename": "tests/server/middleware/test_auth.py",
        "hashed_secret": "035bf17d591b5967aafe1700f7e7d0bf0f7d6bf3",
        "is_verified": false,
        "line_number": 69,
        "is_secret": false
      }
    ],
    "tests/storage/test_schema_registry.py": [
      {
        "type": "Base64 High Entropy String",
        "filename": "tests/storage/test_schema_registry.py",
        "hashed_secret": "79a8afbe72a1d989b83ec4dbb7ad80356e1b43ff",
        "is_verified": false,
        "line_number": 307,
        "is_secret": false
      }
    ],
    "tests/unit/mcp/test_server_bind.py": [
      {
        "type": "Secret Keyword",
        "filename": "tests/unit/mcp/test_server_bind.py",
        "hashed_secret": "e5e9fa1ba31ecd1ae84f75caaa474f3a663f05f4",
        "is_verified": false,
        "line_number": 18,
        "is_secret": false
      }
    ]
  },
  "generated_at": "2026-09-27T05:24:21Z"
}
